../Drivers/CMSIS/Include/core_cm3.h:1762:34:__NVIC_SystemReset	4	static,ignoring_inline_asm
../Drivers/STM32F2xx_HAL_Driver/Inc/stm32f2xx_ll_dma.h:1651:26:LL_DMA_IsActiveFlag_HT1	16	static
../Drivers/STM32F2xx_HAL_Driver/Inc/stm32f2xx_ll_dma.h:1739:26:LL_DMA_IsActiveFlag_TC1	16	static
../Drivers/STM32F2xx_HAL_Driver/Inc/stm32f2xx_ll_dma.h:1761:26:LL_DMA_IsActiveFlag_TC3	16	static
../Drivers/STM32F2xx_HAL_Driver/Inc/stm32f2xx_ll_dma.h:1827:26:LL_DMA_IsActiveFlag_TE1	16	static
../Drivers/STM32F2xx_HAL_Driver/Inc/stm32f2xx_ll_dma.h:2091:22:LL_DMA_ClearFlag_HT1	16	static
../Drivers/STM32F2xx_HAL_Driver/Inc/stm32f2xx_ll_dma.h:2179:22:LL_DMA_ClearFlag_TC1	16	static
../Drivers/STM32F2xx_HAL_Driver/Inc/stm32f2xx_ll_dma.h:2201:22:LL_DMA_ClearFlag_TC3	16	static
../Drivers/STM32F2xx_HAL_Driver/Inc/stm32f2xx_ll_usart.h:1747:26:LL_USART_IsActiveFlag_FE	16	static
../Drivers/STM32F2xx_HAL_Driver/Inc/stm32f2xx_ll_usart.h:1758:26:LL_USART_IsActiveFlag_NE	16	static
../Drivers/STM32F2xx_HAL_Driver/Inc/stm32f2xx_ll_usart.h:1769:26:LL_USART_IsActiveFlag_ORE	16	static
../Drivers/STM32F2xx_HAL_Driver/Inc/stm32f2xx_ll_usart.h:1780:26:LL_USART_IsActiveFlag_IDLE	16	static
../Drivers/STM32F2xx_HAL_Driver/Inc/stm32f2xx_ll_usart.h:1895:22:LL_USART_ClearFlag_FE	24	static
../Drivers/STM32F2xx_HAL_Driver/Inc/stm32f2xx_ll_usart.h:1914:22:LL_USART_ClearFlag_NE	24	static
../Drivers/STM32F2xx_HAL_Driver/Inc/stm32f2xx_ll_usart.h:1933:22:LL_USART_ClearFlag_ORE	24	static
../Drivers/STM32F2xx_HAL_Driver/Inc/stm32f2xx_ll_usart.h:1952:22:LL_USART_ClearFlag_IDLE	24	static
../Drivers/STM32F2xx_HAL_Driver/Inc/stm32f2xx_ll_usart.h:2215:26:LL_USART_IsEnabledIT_IDLE	16	static
../Core/Src/stm32f2xx_it.c:80:6:NMI_Handler	4	static
../Core/Src/stm32f2xx_it.c:95:6:HardFault_Handler	8	static
../Core/Src/stm32f2xx_it.c:110:6:MemManage_Handler	8	static
../Core/Src/stm32f2xx_it.c:125:6:BusFault_Handler	8	static
../Core/Src/stm32f2xx_it.c:140:6:UsageFault_Handler	8	static
../Core/Src/stm32f2xx_it.c:155:6:DebugMon_Handler	4	static
../Core/Src/stm32f2xx_it.c:175:6:DMA1_Stream0_IRQHandler	8	static
../Core/Src/stm32f2xx_it.c:189:6:DMA1_Stream1_IRQHandler	8	static
../Core/Src/stm32f2xx_it.c:221:6:DMA1_Stream3_IRQHandler	8	static
../Core/Src/stm32f2xx_it.c:239:6:DMA1_Stream5_IRQHandler	8	static
../Core/Src/stm32f2xx_it.c:253:6:TIM2_IRQHandler	8	static
../Core/Src/stm32f2xx_it.c:267:6:USART1_IRQHandler	16	static
../Core/Src/stm32f2xx_it.c:308:6:USART3_IRQHandler	16	static
../Core/Src/stm32f2xx_it.c:345:6:EXTI15_10_IRQHandler	8	static
../Core/Src/stm32f2xx_it.c:360:6:SPI3_IRQHandler	8	static
../Core/Src/stm32f2xx_it.c:374:6:DMA2_Stream0_IRQHandler	8	static
../Core/Src/stm32f2xx_it.c:388:6:ETH_IRQHandler	8	static
../Core/Src/stm32f2xx_it.c:402:6:OTG_FS_IRQHandler	8	static
../Core/Src/stm32f2xx_it.c:417:6:USART6_IRQHandler	16	static
